[0.078s] [34mcolcon[0m [1;30mDEBUG[0m [32mCommand line arguments: ['/home/morfinm3/arm/Arm-Demonstrations/.pixi/envs/default/bin/colcon', 'build', '--symlink-install'][0m
[0.078s] [34mcolcon[0m [1;30mDEBUG[0m [32mParsed command line arguments: Namespace(log_base=None, log_level=None, verb_name='build', build_base='build', install_base='install', merge_install=False, symlink_install=True, test_result_base=None, continue_on_error=False, executor='parallel', parallel_workers=28, event_handlers=None, ignore_user_meta=False, metas=['./colcon.meta'], base_paths=['.'], packages_ignore=None, packages_ignore_regex=None, paths=None, packages_up_to=None, packages_up_to_regex=None, packages_above=None, packages_above_and_dependencies=None, packages_above_depth=None, packages_select_by_dep=None, packages_skip_by_dep=None, packages_skip_up_to=None, packages_select_build_failed=False, packages_skip_build_finished=False, packages_select_test_failures=False, packages_skip_test_passed=False, packages_select=None, packages_skip=None, packages_select_regex=None, packages_skip_regex=None, packages_start=None, packages_end=None, cmake_args=None, cmake_target=None, cmake_target_skip_unavailable=False, cmake_clean_cache=False, cmake_clean_first=False, cmake_force_configure=False, ament_cmake_args=None, catkin_cmake_args=None, catkin_skip_building_tests=False, verb_parser=<colcon_defaults.argument_parser.defaults.DefaultArgumentsDecorator object at 0x734d7629d2e0>, verb_extension=<colcon_core.verb.build.BuildVerb object at 0x734d7629cfe0>, main=<bound method BuildVerb.main of <colcon_core.verb.build.BuildVerb object at 0x734d7629cfe0>>)[0m
[0.096s] [34mcolcon.colcon_core.package_discovery[0m [1;30mLevel 1[0m discover_packages(colcon_meta) check parameters
[0.096s] [34mcolcon.colcon_core.package_discovery[0m [1;30mLevel 1[0m discover_packages(recursive) check parameters
[0.096s] [34mcolcon.colcon_core.package_discovery[0m [1;30mLevel 1[0m discover_packages(ignore) check parameters
[0.096s] [34mcolcon.colcon_core.package_discovery[0m [1;30mLevel 1[0m discover_packages(path) check parameters
[0.096s] [34mcolcon.colcon_core.package_discovery[0m [1;30mLevel 1[0m discover_packages(colcon_meta) discover
[0.096s] [34mcolcon.colcon_core.package_discovery[0m [1;30mLevel 1[0m discover_packages(recursive) discover
[0.096s] [34mcolcon.colcon_core.package_discovery[0m [1;30mINFO[0m Crawling recursively for packages in '/home/morfinm3/arm/Arm-Demonstrations'
[0.096s] [34mcolcon.colcon_core.package_identification[0m [1;30mLevel 1[0m _identify(.) by extensions ['ignore', 'ignore_ament_install']
[0.096s] [34mcolcon.colcon_core.package_identification[0m [1;30mLevel 1[0m _identify(.) by extension 'ignore'
[0.096s] [34mcolcon.colcon_core.package_identification[0m [1;30mLevel 1[0m _identify(.) by extension 'ignore_ament_install'
[0.097s] [34mcolcon.colcon_core.package_identification[0m [1;30mLevel 1[0m _identify(.) by extensions ['colcon_pkg']
[0.097s] [34mcolcon.colcon_core.package_identification[0m [1;30mLevel 1[0m _identify(.) by extension 'colcon_pkg'
[0.097s] [34mcolcon.colcon_core.package_identification[0m [1;30mLevel 1[0m _identify(.) by extensions ['colcon_meta']
[0.097s] [34mcolcon.colcon_core.package_identification[0m [1;30mLevel 1[0m _identify(.) by extension 'colcon_meta'
[0.097s] [34mcolcon.colcon_core.package_identification[0m [1;30mLevel 1[0m _identify(.) by extensions ['ros']
[0.097s] [34mcolcon.colcon_core.package_identification[0m [1;30mLevel 1[0m _identify(.) by extension 'ros'
[0.110s] [34mcolcon.colcon_core.package_identification[0m [1;30mLevel 1[0m _identify(.) by extensions ['cmake', 'python']
[0.110s] [34mcolcon.colcon_core.package_identification[0m [1;30mLevel 1[0m _identify(.) by extension 'cmake'
[0.110s] [34mcolcon.colcon_core.package_identification[0m [1;30mLevel 1[0m _identify(.) by extension 'python'
[0.110s] [34mcolcon.colcon_core.package_identification[0m [1;30mLevel 1[0m _identify(.) by extensions ['python_setup_py']
[0.110s] [34mcolcon.colcon_core.package_identification[0m [1;30mLevel 1[0m _identify(.) by extension 'python_setup_py'
[0.110s] [34mcolcon.colcon_core.package_identification[0m [1;30mLevel 1[0m _identify(build) by extensions ['ignore', 'ignore_ament_install']
[0.111s] [34mcolcon.colcon_core.package_identification[0m [1;30mLevel 1[0m _identify(build) by extension 'ignore'
[0.111s] [34mcolcon.colcon_core.package_identification[0m [1;30mLevel 1[0m _identify(build) ignored
[0.111s] [34mcolcon.colcon_core.package_identification[0m [1;30mLevel 1[0m _identify(install) by extensions ['ignore', 'ignore_ament_install']
[0.111s] [34mcolcon.colcon_core.package_identification[0m [1;30mLevel 1[0m _identify(install) by extension 'ignore'
[0.111s] [34mcolcon.colcon_core.package_identification[0m [1;30mLevel 1[0m _identify(install) ignored
[0.111s] [34mcolcon.colcon_core.package_identification[0m [1;30mLevel 1[0m _identify(log) by extensions ['ignore', 'ignore_ament_install']
[0.111s] [34mcolcon.colcon_core.package_identification[0m [1;30mLevel 1[0m _identify(log) by extension 'ignore'
[0.111s] [34mcolcon.colcon_core.package_identification[0m [1;30mLevel 1[0m _identify(log) ignored
[0.111s] [34mcolcon.colcon_core.package_identification[0m [1;30mLevel 1[0m _identify(src) by extensions ['ignore', 'ignore_ament_install']
[0.111s] [34mcolcon.colcon_core.package_identification[0m [1;30mLevel 1[0m _identify(src) by extension 'ignore'
[0.111s] [34mcolcon.colcon_core.package_identification[0m [1;30mLevel 1[0m _identify(src) by extension 'ignore_ament_install'
[0.111s] [34mcolcon.colcon_core.package_identification[0m [1;30mLevel 1[0m _identify(src) by extensions ['colcon_pkg']
[0.111s] [34mcolcon.colcon_core.package_identification[0m [1;30mLevel 1[0m _identify(src) by extension 'colcon_pkg'
[0.111s] [34mcolcon.colcon_core.package_identification[0m [1;30mLevel 1[0m _identify(src) by extensions ['colcon_meta']
[0.111s] [34mcolcon.colcon_core.package_identification[0m [1;30mLevel 1[0m _identify(src) by extension 'colcon_meta'
[0.111s] [34mcolcon.colcon_core.package_identification[0m [1;30mLevel 1[0m _identify(src) by extensions ['ros']
[0.111s] [34mcolcon.colcon_core.package_identification[0m [1;30mLevel 1[0m _identify(src) by extension 'ros'
[0.111s] [34mcolcon.colcon_core.package_identification[0m [1;30mLevel 1[0m _identify(src) by extensions ['cmake', 'python']
[0.111s] [34mcolcon.colcon_core.package_identification[0m [1;30mLevel 1[0m _identify(src) by extension 'cmake'
[0.111s] [34mcolcon.colcon_core.package_identification[0m [1;30mLevel 1[0m _identify(src) by extension 'python'
[0.111s] [34mcolcon.colcon_core.package_identification[0m [1;30mLevel 1[0m _identify(src) by extensions ['python_setup_py']
[0.111s] [34mcolcon.colcon_core.package_identification[0m [1;30mLevel 1[0m _identify(src) by extension 'python_setup_py'
[0.111s] [34mcolcon.colcon_core.package_identification[0m [1;30mLevel 1[0m _identify(src/colman_bringup) by extensions ['ignore', 'ignore_ament_install']
[0.111s] [34mcolcon.colcon_core.package_identification[0m [1;30mLevel 1[0m _identify(src/colman_bringup) by extension 'ignore'
[0.111s] [34mcolcon.colcon_core.package_identification[0m [1;30mLevel 1[0m _identify(src/colman_bringup) by extension 'ignore_ament_install'
[0.111s] [34mcolcon.colcon_core.package_identification[0m [1;30mLevel 1[0m _identify(src/colman_bringup) by extensions ['colcon_pkg']
[0.111s] [34mcolcon.colcon_core.package_identification[0m [1;30mLevel 1[0m _identify(src/colman_bringup) by extension 'colcon_pkg'
[0.111s] [34mcolcon.colcon_core.package_identification[0m [1;30mLevel 1[0m _identify(src/colman_bringup) by extensions ['colcon_meta']
[0.111s] [34mcolcon.colcon_core.package_identification[0m [1;30mLevel 1[0m _identify(src/colman_bringup) by extension 'colcon_meta'
[0.111s] [34mcolcon.colcon_core.package_identification[0m [1;30mLevel 1[0m _identify(src/colman_bringup) by extensions ['ros']
[0.111s] [34mcolcon.colcon_core.package_identification[0m [1;30mLevel 1[0m _identify(src/colman_bringup) by extension 'ros'
[0.112s] [34mcolcon.colcon_core.package_identification[0m [1;30mDEBUG[0m [32mPackage 'src/colman_bringup' with type 'ros.ament_python' and name 'colman_bringup'[0m
[0.113s] [34mcolcon.colcon_core.package_identification[0m [1;30mLevel 1[0m _identify(src/colman_motion) by extensions ['ignore', 'ignore_ament_install']
[0.113s] [34mcolcon.colcon_core.package_identification[0m [1;30mLevel 1[0m _identify(src/colman_motion) by extension 'ignore'
[0.113s] [34mcolcon.colcon_core.package_identification[0m [1;30mLevel 1[0m _identify(src/colman_motion) by extension 'ignore_ament_install'
[0.113s] [34mcolcon.colcon_core.package_identification[0m [1;30mLevel 1[0m _identify(src/colman_motion) by extensions ['colcon_pkg']
[0.113s] [34mcolcon.colcon_core.package_identification[0m [1;30mLevel 1[0m _identify(src/colman_motion) by extension 'colcon_pkg'
[0.113s] [34mcolcon.colcon_core.package_identification[0m [1;30mLevel 1[0m _identify(src/colman_motion) by extensions ['colcon_meta']
[0.113s] [34mcolcon.colcon_core.package_identification[0m [1;30mLevel 1[0m _identify(src/colman_motion) by extension 'colcon_meta'
[0.113s] [34mcolcon.colcon_core.package_identification[0m [1;30mLevel 1[0m _identify(src/colman_motion) by extensions ['ros']
[0.113s] [34mcolcon.colcon_core.package_identification[0m [1;30mLevel 1[0m _identify(src/colman_motion) by extension 'ros'
[0.113s] [34mcolcon.colcon_core.package_identification[0m [1;30mDEBUG[0m [32mPackage 'src/colman_motion' with type 'ros.ament_python' and name 'colman_motion'[0m
[0.113s] [34mcolcon.colcon_core.package_discovery[0m [1;30mLevel 1[0m discover_packages(recursive) using defaults
[0.113s] [34mcolcon.colcon_core.package_discovery[0m [1;30mLevel 1[0m discover_packages(ignore) discover
[0.113s] [34mcolcon.colcon_core.package_discovery[0m [1;30mLevel 1[0m discover_packages(ignore) using defaults
[0.113s] [34mcolcon.colcon_core.package_discovery[0m [1;30mLevel 1[0m discover_packages(path) discover
[0.113s] [34mcolcon.colcon_core.package_discovery[0m [1;30mLevel 1[0m discover_packages(path) using defaults
[0.120s] [34mcolcon.colcon_core.verb[0m [1;30mLevel 5[0m set package 'colman_bringup' build argument 'cmake_args' from command line to 'None'
[0.121s] [34mcolcon.colcon_core.verb[0m [1;30mLevel 5[0m set package 'colman_bringup' build argument 'cmake_target' from command line to 'None'
[0.121s] [34mcolcon.colcon_core.verb[0m [1;30mLevel 5[0m set package 'colman_bringup' build argument 'cmake_target_skip_unavailable' from command line to 'False'
[0.121s] [34mcolcon.colcon_core.verb[0m [1;30mLevel 5[0m set package 'colman_bringup' build argument 'cmake_clean_cache' from command line to 'False'
[0.121s] [34mcolcon.colcon_core.verb[0m [1;30mLevel 5[0m set package 'colman_bringup' build argument 'cmake_clean_first' from command line to 'False'
[0.121s] [34mcolcon.colcon_core.verb[0m [1;30mLevel 5[0m set package 'colman_bringup' build argument 'cmake_force_configure' from command line to 'False'
[0.121s] [34mcolcon.colcon_core.verb[0m [1;30mLevel 5[0m set package 'colman_bringup' build argument 'ament_cmake_args' from command line to 'None'
[0.121s] [34mcolcon.colcon_core.verb[0m [1;30mLevel 5[0m set package 'colman_bringup' build argument 'catkin_cmake_args' from command line to 'None'
[0.121s] [34mcolcon.colcon_core.verb[0m [1;30mLevel 5[0m set package 'colman_bringup' build argument 'catkin_skip_building_tests' from command line to 'False'
[0.121s] [34mcolcon.colcon_core.verb[0m [1;30mDEBUG[0m [32mBuilding package 'colman_bringup' with the following arguments: {'ament_cmake_args': None, 'build_base': '/home/morfinm3/arm/Arm-Demonstrations/build/colman_bringup', 'catkin_cmake_args': None, 'catkin_skip_building_tests': False, 'cmake_args': None, 'cmake_clean_cache': False, 'cmake_clean_first': False, 'cmake_force_configure': False, 'cmake_target': None, 'cmake_target_skip_unavailable': False, 'install_base': '/home/morfinm3/arm/Arm-Demonstrations/install/colman_bringup', 'merge_install': False, 'path': '/home/morfinm3/arm/Arm-Demonstrations/src/colman_bringup', 'symlink_install': True, 'test_result_base': None}[0m
[0.121s] [34mcolcon.colcon_core.verb[0m [1;30mLevel 5[0m set package 'colman_motion' build argument 'cmake_args' from command line to 'None'
[0.121s] [34mcolcon.colcon_core.verb[0m [1;30mLevel 5[0m set package 'colman_motion' build argument 'cmake_target' from command line to 'None'
[0.121s] [34mcolcon.colcon_core.verb[0m [1;30mLevel 5[0m set package 'colman_motion' build argument 'cmake_target_skip_unavailable' from command line to 'False'
[0.121s] [34mcolcon.colcon_core.verb[0m [1;30mLevel 5[0m set package 'colman_motion' build argument 'cmake_clean_cache' from command line to 'False'
[0.121s] [34mcolcon.colcon_core.verb[0m [1;30mLevel 5[0m set package 'colman_motion' build argument 'cmake_clean_first' from command line to 'False'
[0.121s] [34mcolcon.colcon_core.verb[0m [1;30mLevel 5[0m set package 'colman_motion' build argument 'cmake_force_configure' from command line to 'False'
[0.121s] [34mcolcon.colcon_core.verb[0m [1;30mLevel 5[0m set package 'colman_motion' build argument 'ament_cmake_args' from command line to 'None'
[0.121s] [34mcolcon.colcon_core.verb[0m [1;30mLevel 5[0m set package 'colman_motion' build argument 'catkin_cmake_args' from command line to 'None'
[0.121s] [34mcolcon.colcon_core.verb[0m [1;30mLevel 5[0m set package 'colman_motion' build argument 'catkin_skip_building_tests' from command line to 'False'
[0.121s] [34mcolcon.colcon_core.verb[0m [1;30mDEBUG[0m [32mBuilding package 'colman_motion' with the following arguments: {'ament_cmake_args': None, 'build_base': '/home/morfinm3/arm/Arm-Demonstrations/build/colman_motion', 'catkin_cmake_args': None, 'catkin_skip_building_tests': False, 'cmake_args': None, 'cmake_clean_cache': False, 'cmake_clean_first': False, 'cmake_force_configure': False, 'cmake_target': None, 'cmake_target_skip_unavailable': False, 'install_base': '/home/morfinm3/arm/Arm-Demonstrations/install/colman_motion', 'merge_install': False, 'path': '/home/morfinm3/arm/Arm-Demonstrations/src/colman_motion', 'symlink_install': True, 'test_result_base': None}[0m
[0.121s] [34mcolcon.colcon_core.executor[0m [1;30mINFO[0m Executing jobs using 'parallel' executor
[0.121s] [34mcolcon.colcon_parallel_executor.executor.parallel[0m [1;30mDEBUG[0m [32mrun_until_complete[0m
[0.122s] [34mcolcon.colcon_ros.task.ament_python.build[0m [1;30mINFO[0m Building ROS package in '/home/morfinm3/arm/Arm-Demonstrations/src/colman_bringup' with build type 'ament_python'
[0.122s] [34mcolcon.colcon_core.shell[0m [1;30mLevel 1[0m create_environment_hook('colman_bringup', 'ament_prefix_path')
[0.123s] [34mcolcon.colcon_core.plugin_system[0m [1;30mINFO[0m Skipping extension 'colcon_core.shell.bat': Not used on non-Windows systems
[0.123s] [34mcolcon.colcon_core.shell[0m [1;30mINFO[0m Creating environment hook '/home/morfinm3/arm/Arm-Demonstrations/install/colman_bringup/share/colman_bringup/hook/ament_prefix_path.ps1'
[0.123s] [34mcolcon.colcon_core.shell[0m [1;30mINFO[0m Creating environment descriptor '/home/morfinm3/arm/Arm-Demonstrations/install/colman_bringup/share/colman_bringup/hook/ament_prefix_path.dsv'
[0.123s] [34mcolcon.colcon_core.shell[0m [1;30mINFO[0m Creating environment hook '/home/morfinm3/arm/Arm-Demonstrations/install/colman_bringup/share/colman_bringup/hook/ament_prefix_path.sh'
[0.124s] [34mcolcon.colcon_core.shell[0m [1;30mINFO[0m Skip shell extension 'powershell' for command environment: Not usable outside of PowerShell
[0.124s] [34mcolcon.colcon_core.shell[0m [1;30mDEBUG[0m [32mSkip shell extension 'dsv' for command environment[0m
[0.127s] [34mcolcon.colcon_ros.task.ament_python.build[0m [1;30mINFO[0m Building ROS package in '/home/morfinm3/arm/Arm-Demonstrations/src/colman_motion' with build type 'ament_python'
[0.127s] [34mcolcon.colcon_core.shell[0m [1;30mLevel 1[0m create_environment_hook('colman_motion', 'ament_prefix_path')
[0.127s] [34mcolcon.colcon_core.shell[0m [1;30mINFO[0m Creating environment hook '/home/morfinm3/arm/Arm-Demonstrations/install/colman_motion/share/colman_motion/hook/ament_prefix_path.ps1'
[0.128s] [34mcolcon.colcon_core.shell[0m [1;30mINFO[0m Creating environment descriptor '/home/morfinm3/arm/Arm-Demonstrations/install/colman_motion/share/colman_motion/hook/ament_prefix_path.dsv'
[0.128s] [34mcolcon.colcon_core.shell[0m [1;30mINFO[0m Creating environment hook '/home/morfinm3/arm/Arm-Demonstrations/install/colman_motion/share/colman_motion/hook/ament_prefix_path.sh'
[0.128s] [34mcolcon.colcon_core.shell[0m [1;30mINFO[0m Skip shell extension 'powershell' for command environment: Not usable outside of PowerShell
[0.128s] [34mcolcon.colcon_core.shell[0m [1;30mDEBUG[0m [32mSkip shell extension 'dsv' for command environment[0m
[0.239s] [34mcolcon.colcon_core.task.python.build[0m [1;30mINFO[0m Building Python package in '/home/morfinm3/arm/Arm-Demonstrations/src/colman_bringup'
[0.240s] [34mcolcon.colcon_core.shell[0m [1;30mINFO[0m Skip shell extension 'powershell' for command environment: Not usable outside of PowerShell
[0.240s] [34mcolcon.colcon_core.shell[0m [1;30mDEBUG[0m [32mSkip shell extension 'dsv' for command environment[0m
[0.360s] [34mcolcon.colcon_core.task.python.build[0m [1;30mINFO[0m Building Python package in '/home/morfinm3/arm/Arm-Demonstrations/src/colman_motion'
[0.360s] [34mcolcon.colcon_core.shell[0m [1;30mINFO[0m Skip shell extension 'powershell' for command environment: Not usable outside of PowerShell
[0.360s] [34mcolcon.colcon_core.shell[0m [1;30mDEBUG[0m [32mSkip shell extension 'dsv' for command environment[0m
[0.625s] [34mcolcon.colcon_core.task.python.build[0m [1;30mDEBUG[0m [32mAvailable setuptools commands: install_egg_info, install_data, bdist_rpm, setopt, saveopts, build_scripts, install_scripts, bdist_wheel, sdist, build_clib, editable_wheel, test, alias, egg_info, rotate, clean, install_lib, register, upload, bdist, symlink_data, install_headers, bdist_dumb, easy_install, build_ext, upload_docs, build, bdist_egg, develop, check, build_py, install, dist_info[0m
[0.626s] [34mcolcon.colcon_core.task.python.build[0m [1;30mDEBUG[0m [32mAvailable setuptools commands: install_egg_info, install_data, bdist_rpm, setopt, saveopts, build_scripts, install_scripts, bdist_wheel, sdist, build_clib, editable_wheel, test, alias, egg_info, rotate, clean, install_lib, register, upload, bdist, symlink_data, install_headers, bdist_dumb, easy_install, build_ext, upload_docs, build, bdist_egg, develop, check, build_py, install, dist_info[0m
[0.778s] [34mcolcon.colcon_core.task.python.build[0m [1;30mDEBUG[0m [32mAvailable setuptools 'develop' options: --install-dir, --verbose, --version, --record, --always-unzip, --user, --quiet, --optimize, --local-snapshots-ok, --exclude-scripts, --always-copy, --no-deps, --script-dir, --no-find-links, --build-directory, --editable, --egg-path, --zip-ok, --index-url, --site-dirs, --allow-hosts, --uninstall, --dry-run, --help, --upgrade, --no-user-cfg, --prefix, --find-links, --multi-version[0m
[0.780s] [34mcolcon.colcon_core.event_handler.log_command[0m [1;30mDEBUG[0m [32mInvoking command in '/home/morfinm3/arm/Arm-Demonstrations/build/colman_bringup': DEBUGINFOD_URLS=https://debuginfod.ubuntu.com PIXI_PROMPT=(Arm-Demonstrations) PYTHONPATH=/home/morfinm3/arm/Arm-Demonstrations/build/colman_bringup/prefix_override:/home/morfinm3/arm/Arm-Demonstrations/.pixi/envs/default/lib/python3.12/site-packages/colcon_core/task/python/colcon_distutils_commands:/home/morfinm3/arm/Arm-Demonstrations/install/colman_bringup/lib/python3.12/site-packages:${PYTHONPATH} /home/morfinm3/arm/Arm-Demonstrations/.pixi/envs/default/bin/python3.12 -W ignore:setup.py install is deprecated -W ignore:easy_install command is deprecated setup.py develop --editable --build-directory /home/morfinm3/arm/Arm-Demonstrations/build/colman_bringup/build --no-deps symlink_data[0m
[0.782s] [34mcolcon.colcon_core.task.python.build[0m [1;30mDEBUG[0m [32mAvailable setuptools 'develop' options: --install-dir, --verbose, --version, --record, --always-unzip, --user, --quiet, --optimize, --local-snapshots-ok, --exclude-scripts, --always-copy, --no-deps, --script-dir, --no-find-links, --build-directory, --editable, --egg-path, --zip-ok, --index-url, --site-dirs, --allow-hosts, --uninstall, --dry-run, --help, --upgrade, --no-user-cfg, --prefix, --find-links, --multi-version[0m
[0.783s] [34mcolcon.colcon_core.event_handler.log_command[0m [1;30mDEBUG[0m [32mInvoking command in '/home/morfinm3/arm/Arm-Demonstrations/build/colman_motion': DEBUGINFOD_URLS=https://debuginfod.ubuntu.com PIXI_PROMPT=(Arm-Demonstrations) PYTHONPATH=/home/morfinm3/arm/Arm-Demonstrations/build/colman_motion/prefix_override:/home/morfinm3/arm/Arm-Demonstrations/.pixi/envs/default/lib/python3.12/site-packages/colcon_core/task/python/colcon_distutils_commands:/home/morfinm3/arm/Arm-Demonstrations/install/colman_motion/lib/python3.12/site-packages:${PYTHONPATH} /home/morfinm3/arm/Arm-Demonstrations/.pixi/envs/default/bin/python3.12 -W ignore:setup.py install is deprecated -W ignore:easy_install command is deprecated setup.py develop --editable --build-directory /home/morfinm3/arm/Arm-Demonstrations/build/colman_motion/build --no-deps symlink_data[0m
[1.084s] [34mcolcon.colcon_core.shell[0m [1;30mLevel 1[0m create_environment_hook('colman_bringup', 'pythonpath_develop')
[1.084s] [34mcolcon.colcon_core.shell[0m [1;30mINFO[0m Creating environment hook '/home/morfinm3/arm/Arm-Demonstrations/build/colman_bringup/share/colman_bringup/hook/pythonpath_develop.ps1'
[1.085s] [34mcolcon.colcon_core.shell[0m [1;30mINFO[0m Creating environment descriptor '/home/morfinm3/arm/Arm-Demonstrations/build/colman_bringup/share/colman_bringup/hook/pythonpath_develop.dsv'
[1.085s] [34mcolcon.colcon_core.event_handler.log_command[0m [1;30mDEBUG[0m [32mInvoked command in '/home/morfinm3/arm/Arm-Demonstrations/build/colman_bringup' returned '0': DEBUGINFOD_URLS=https://debuginfod.ubuntu.com PIXI_PROMPT=(Arm-Demonstrations) PYTHONPATH=/home/morfinm3/arm/Arm-Demonstrations/build/colman_bringup/prefix_override:/home/morfinm3/arm/Arm-Demonstrations/.pixi/envs/default/lib/python3.12/site-packages/colcon_core/task/python/colcon_distutils_commands:/home/morfinm3/arm/Arm-Demonstrations/install/colman_bringup/lib/python3.12/site-packages:${PYTHONPATH} /home/morfinm3/arm/Arm-Demonstrations/.pixi/envs/default/bin/python3.12 -W ignore:setup.py install is deprecated -W ignore:easy_install command is deprecated setup.py develop --editable --build-directory /home/morfinm3/arm/Arm-Demonstrations/build/colman_bringup/build --no-deps symlink_data[0m
[1.086s] [34mcolcon.colcon_core.shell[0m [1;30mINFO[0m Creating environment hook '/home/morfinm3/arm/Arm-Demonstrations/build/colman_bringup/share/colman_bringup/hook/pythonpath_develop.sh'
[1.088s] [34mcolcon.colcon_core.environment[0m [1;30mLevel 1[0m checking '/home/morfinm3/arm/Arm-Demonstrations/install/colman_bringup' for CMake module files
[1.088s] [34mcolcon.colcon_core.environment[0m [1;30mLevel 1[0m checking '/home/morfinm3/arm/Arm-Demonstrations/install/colman_bringup' for CMake config files
[1.089s] [34mcolcon.colcon_core.environment[0m [1;30mLevel 1[0m checking '/home/morfinm3/arm/Arm-Demonstrations/install/colman_bringup/lib'
[1.089s] [34mcolcon.colcon_core.environment[0m [1;30mLevel 1[0m checking '/home/morfinm3/arm/Arm-Demonstrations/install/colman_bringup/bin'
[1.089s] [34mcolcon.colcon_core.environment[0m [1;30mLevel 1[0m checking '/home/morfinm3/arm/Arm-Demonstrations/install/colman_bringup/lib/pkgconfig/colman_bringup.pc'
[1.089s] [34mcolcon.colcon_core.environment[0m [1;30mLevel 1[0m checking '/home/morfinm3/arm/Arm-Demonstrations/install/colman_bringup/lib/python3.12/site-packages'
[1.089s] [34mcolcon.colcon_core.shell[0m [1;30mLevel 1[0m create_environment_hook('colman_bringup', 'pythonpath')
[1.089s] [34mcolcon.colcon_core.shell[0m [1;30mINFO[0m Creating environment hook '/home/morfinm3/arm/Arm-Demonstrations/install/colman_bringup/share/colman_bringup/hook/pythonpath.ps1'
[1.089s] [34mcolcon.colcon_core.shell[0m [1;30mINFO[0m Creating environment descriptor '/home/morfinm3/arm/Arm-Demonstrations/install/colman_bringup/share/colman_bringup/hook/pythonpath.dsv'
[1.089s] [34mcolcon.colcon_core.shell[0m [1;30mINFO[0m Creating environment hook '/home/morfinm3/arm/Arm-Demonstrations/install/colman_bringup/share/colman_bringup/hook/pythonpath.sh'
[1.090s] [34mcolcon.colcon_core.environment[0m [1;30mLevel 1[0m checking '/home/morfinm3/arm/Arm-Demonstrations/install/colman_bringup/bin'
[1.090s] [34mcolcon.colcon_core.environment[0m [1;30mLevel 1[0m create_environment_scripts_only(colman_bringup)
[1.090s] [34mcolcon.colcon_core.shell[0m [1;30mINFO[0m Creating package script '/home/morfinm3/arm/Arm-Demonstrations/install/colman_bringup/share/colman_bringup/package.ps1'
[1.091s] [34mcolcon.colcon_core.shell[0m [1;30mINFO[0m Creating package descriptor '/home/morfinm3/arm/Arm-Demonstrations/install/colman_bringup/share/colman_bringup/package.dsv'
[1.091s] [34mcolcon.colcon_core.shell[0m [1;30mINFO[0m Creating package script '/home/morfinm3/arm/Arm-Demonstrations/install/colman_bringup/share/colman_bringup/package.sh'
[1.091s] [34mcolcon.colcon_core.shell[0m [1;30mINFO[0m Creating package script '/home/morfinm3/arm/Arm-Demonstrations/install/colman_bringup/share/colman_bringup/package.bash'
[1.092s] [34mcolcon.colcon_core.shell[0m [1;30mINFO[0m Creating package script '/home/morfinm3/arm/Arm-Demonstrations/install/colman_bringup/share/colman_bringup/package.zsh'
[1.092s] [34mcolcon.colcon_core.environment[0m [1;30mLevel 1[0m create_file_with_runtime_dependencies(/home/morfinm3/arm/Arm-Demonstrations/install/colman_bringup/share/colcon-core/packages/colman_bringup)
[1.101s] [34mcolcon.colcon_core.shell[0m [1;30mLevel 1[0m create_environment_hook('colman_motion', 'pythonpath_develop')
[1.101s] [34mcolcon.colcon_core.shell[0m [1;30mINFO[0m Creating environment hook '/home/morfinm3/arm/Arm-Demonstrations/build/colman_motion/share/colman_motion/hook/pythonpath_develop.ps1'
[1.101s] [34mcolcon.colcon_core.event_handler.log_command[0m [1;30mDEBUG[0m [32mInvoked command in '/home/morfinm3/arm/Arm-Demonstrations/build/colman_motion' returned '0': DEBUGINFOD_URLS=https://debuginfod.ubuntu.com PIXI_PROMPT=(Arm-Demonstrations) PYTHONPATH=/home/morfinm3/arm/Arm-Demonstrations/build/colman_motion/prefix_override:/home/morfinm3/arm/Arm-Demonstrations/.pixi/envs/default/lib/python3.12/site-packages/colcon_core/task/python/colcon_distutils_commands:/home/morfinm3/arm/Arm-Demonstrations/install/colman_motion/lib/python3.12/site-packages:${PYTHONPATH} /home/morfinm3/arm/Arm-Demonstrations/.pixi/envs/default/bin/python3.12 -W ignore:setup.py install is deprecated -W ignore:easy_install command is deprecated setup.py develop --editable --build-directory /home/morfinm3/arm/Arm-Demonstrations/build/colman_motion/build --no-deps symlink_data[0m
[1.102s] [34mcolcon.colcon_core.shell[0m [1;30mINFO[0m Creating environment descriptor '/home/morfinm3/arm/Arm-Demonstrations/build/colman_motion/share/colman_motion/hook/pythonpath_develop.dsv'
[1.102s] [34mcolcon.colcon_core.shell[0m [1;30mINFO[0m Creating environment hook '/home/morfinm3/arm/Arm-Demonstrations/build/colman_motion/share/colman_motion/hook/pythonpath_develop.sh'
[1.103s] [34mcolcon.colcon_core.environment[0m [1;30mLevel 1[0m checking '/home/morfinm3/arm/Arm-Demonstrations/install/colman_motion' for CMake module files
[1.103s] [34mcolcon.colcon_core.environment[0m [1;30mLevel 1[0m checking '/home/morfinm3/arm/Arm-Demonstrations/install/colman_motion' for CMake config files
[1.104s] [34mcolcon.colcon_core.environment[0m [1;30mLevel 1[0m checking '/home/morfinm3/arm/Arm-Demonstrations/install/colman_motion/lib'
[1.104s] [34mcolcon.colcon_core.environment[0m [1;30mLevel 1[0m checking '/home/morfinm3/arm/Arm-Demonstrations/install/colman_motion/bin'
[1.104s] [34mcolcon.colcon_core.environment[0m [1;30mLevel 1[0m checking '/home/morfinm3/arm/Arm-Demonstrations/install/colman_motion/lib/pkgconfig/colman_motion.pc'
[1.104s] [34mcolcon.colcon_core.environment[0m [1;30mLevel 1[0m checking '/home/morfinm3/arm/Arm-Demonstrations/install/colman_motion/lib/python3.12/site-packages'
[1.104s] [34mcolcon.colcon_core.shell[0m [1;30mLevel 1[0m create_environment_hook('colman_motion', 'pythonpath')
[1.104s] [34mcolcon.colcon_core.shell[0m [1;30mINFO[0m Creating environment hook '/home/morfinm3/arm/Arm-Demonstrations/install/colman_motion/share/colman_motion/hook/pythonpath.ps1'
[1.105s] [34mcolcon.colcon_core.shell[0m [1;30mINFO[0m Creating environment descriptor '/home/morfinm3/arm/Arm-Demonstrations/install/colman_motion/share/colman_motion/hook/pythonpath.dsv'
[1.105s] [34mcolcon.colcon_core.shell[0m [1;30mINFO[0m Creating environment hook '/home/morfinm3/arm/Arm-Demonstrations/install/colman_motion/share/colman_motion/hook/pythonpath.sh'
[1.106s] [34mcolcon.colcon_core.environment[0m [1;30mLevel 1[0m checking '/home/morfinm3/arm/Arm-Demonstrations/install/colman_motion/bin'
[1.106s] [34mcolcon.colcon_core.environment[0m [1;30mLevel 1[0m create_environment_scripts_only(colman_motion)
[1.106s] [34mcolcon.colcon_core.shell[0m [1;30mINFO[0m Creating package script '/home/morfinm3/arm/Arm-Demonstrations/install/colman_motion/share/colman_motion/package.ps1'
[1.107s] [34mcolcon.colcon_core.shell[0m [1;30mINFO[0m Creating package descriptor '/home/morfinm3/arm/Arm-Demonstrations/install/colman_motion/share/colman_motion/package.dsv'
[1.107s] [34mcolcon.colcon_core.shell[0m [1;30mINFO[0m Creating package script '/home/morfinm3/arm/Arm-Demonstrations/install/colman_motion/share/colman_motion/package.sh'
[1.108s] [34mcolcon.colcon_core.shell[0m [1;30mINFO[0m Creating package script '/home/morfinm3/arm/Arm-Demonstrations/install/colman_motion/share/colman_motion/package.bash'
[1.108s] [34mcolcon.colcon_core.shell[0m [1;30mINFO[0m Creating package script '/home/morfinm3/arm/Arm-Demonstrations/install/colman_motion/share/colman_motion/package.zsh'
[1.108s] [34mcolcon.colcon_core.environment[0m [1;30mLevel 1[0m create_file_with_runtime_dependencies(/home/morfinm3/arm/Arm-Demonstrations/install/colman_motion/share/colcon-core/packages/colman_motion)
[1.109s] [34mcolcon.colcon_parallel_executor.executor.parallel[0m [1;30mDEBUG[0m [32mclosing loop[0m
[1.109s] [34mcolcon.colcon_parallel_executor.executor.parallel[0m [1;30mDEBUG[0m [32mloop closed[0m
[1.109s] [34mcolcon.colcon_parallel_executor.executor.parallel[0m [1;30mDEBUG[0m [32mrun_until_complete finished with '0'[0m
[1.109s] [34mcolcon.colcon_core.event_reactor[0m [1;30mDEBUG[0m [32mjoining thread[0m
[1.110s] [34mcolcon.colcon_core.event_reactor[0m [1;30mDEBUG[0m [32mjoined thread[0m
[1.110s] [34mcolcon.colcon_core.shell[0m [1;30mINFO[0m Creating prefix script '/home/morfinm3/arm/Arm-Demonstrations/install/local_setup.ps1'
[1.110s] [34mcolcon.colcon_core.shell[0m [1;30mINFO[0m Creating prefix util module '/home/morfinm3/arm/Arm-Demonstrations/install/_local_setup_util_ps1.py'
[1.112s] [34mcolcon.colcon_core.shell[0m [1;30mINFO[0m Creating prefix chain script '/home/morfinm3/arm/Arm-Demonstrations/install/setup.ps1'
[1.113s] [34mcolcon.colcon_core.shell[0m [1;30mINFO[0m Creating prefix script '/home/morfinm3/arm/Arm-Demonstrations/install/local_setup.sh'
[1.113s] [34mcolcon.colcon_core.shell[0m [1;30mINFO[0m Creating prefix util module '/home/morfinm3/arm/Arm-Demonstrations/install/_local_setup_util_sh.py'
[1.114s] [34mcolcon.colcon_core.shell[0m [1;30mINFO[0m Creating prefix chain script '/home/morfinm3/arm/Arm-Demonstrations/install/setup.sh'
[1.114s] [34mcolcon.colcon_core.shell[0m [1;30mINFO[0m Creating prefix script '/home/morfinm3/arm/Arm-Demonstrations/install/local_setup.bash'
[1.115s] [34mcolcon.colcon_core.shell[0m [1;30mINFO[0m Creating prefix chain script '/home/morfinm3/arm/Arm-Demonstrations/install/setup.bash'
[1.115s] [34mcolcon.colcon_core.shell[0m [1;30mINFO[0m Creating prefix script '/home/morfinm3/arm/Arm-Demonstrations/install/local_setup.zsh'
[1.116s] [34mcolcon.colcon_core.shell[0m [1;30mINFO[0m Creating prefix chain script '/home/morfinm3/arm/Arm-Demonstrations/install/setup.zsh'
