running develop
running egg_info
creating colman_bringup.egg-info
writing colman_bringup.egg-info/PKG-INFO
writing dependency_links to colman_bringup.egg-info/dependency_links.txt
writing requirements to colman_bringup.egg-info/requires.txt
writing top-level names to colman_bringup.egg-info/top_level.txt
writing manifest file 'colman_bringup.egg-info/SOURCES.txt'
reading manifest file 'colman_bringup.egg-info/SOURCES.txt'
writing manifest file 'colman_bringup.egg-info/SOURCES.txt'
running build_ext
Creating /home/morfinm3/arm/Arm-Demonstrations/install/colman_bringup/lib/python3.12/site-packages/colman-bringup.egg-link (link to .)

Installed /home/morfinm3/arm/Arm-Demonstrations/build/colman_bringup
running symlink_data
creating /home/morfinm3/arm/Arm-Demonstrations/install/colman_bringup/share/ament_index
creating /home/morfinm3/arm/Arm-Demonstrations/install/colman_bringup/share/ament_index/resource_index
creating /home/morfinm3/arm/Arm-Demonstrations/install/colman_bringup/share/ament_index/resource_index/packages
symbolically linking /home/morfinm3/arm/Arm-Demonstrations/build/colman_bringup/resource/colman_bringup -> /home/morfinm3/arm/Arm-Demonstrations/install/colman_bringup/share/ament_index/resource_index/packages
symbolically linking /home/morfinm3/arm/Arm-Demonstrations/build/colman_bringup/package.xml -> /home/morfinm3/arm/Arm-Demonstrations/install/colman_bringup/share/colman_bringup
creating /home/morfinm3/arm/Arm-Demonstrations/install/colman_bringup/share/colman_bringup/launch
symbolically linking /home/morfinm3/arm/Arm-Demonstrations/build/colman_bringup/colman_bringup/launch/rsp.launch.py -> /home/morfinm3/arm/Arm-Demonstrations/install/colman_bringup/share/colman_bringup/launch
symbolically linking /home/morfinm3/arm/Arm-Demonstrations/build/colman_bringup/colman_bringup/launch/sim.launch.py -> /home/morfinm3/arm/Arm-Demonstrations/install/colman_bringup/share/colman_bringup/launch
symbolically linking /home/morfinm3/arm/Arm-Demonstrations/build/colman_bringup/colman_bringup/launch/yolo.launch.py -> /home/morfinm3/arm/Arm-Demonstrations/install/colman_bringup/share/colman_bringup/launch
symbolically linking /home/morfinm3/arm/Arm-Demonstrations/build/colman_bringup/colman_bringup/launch/bringup.launch.py -> /home/morfinm3/arm/Arm-Demonstrations/install/colman_bringup/share/colman_bringup/launch
symbolically linking /home/morfinm3/arm/Arm-Demonstrations/build/colman_bringup/colman_bringup/launch/apriltag.launch.py -> /home/morfinm3/arm/Arm-Demonstrations/install/colman_bringup/share/colman_bringup/launch
symbolically linking /home/morfinm3/arm/Arm-Demonstrations/build/colman_bringup/colman_bringup/launch/moveit.launch.py -> /home/morfinm3/arm/Arm-Demonstrations/install/colman_bringup/share/colman_bringup/launch
symbolically linking /home/morfinm3/arm/Arm-Demonstrations/build/colman_bringup/colman_bringup/launch/depth.launch.py -> /home/morfinm3/arm/Arm-Demonstrations/install/colman_bringup/share/colman_bringup/launch
symbolically linking /home/morfinm3/arm/Arm-Demonstrations/build/colman_bringup/colman_bringup/launch/colman.launch.py -> /home/morfinm3/arm/Arm-Demonstrations/install/colman_bringup/share/colman_bringup/launch
